=== COMPREHENSIVE GUARANTEE TESTS ===
Testing 5 guarantees

╔════════════════════════════════════════════════════════════════╗
║ TEST #1 - Guarantee ID: 1                                    ║
╚════════════════════════════════════════════════════════════════╝

📋 BASIC GUARANTEE DATA:
─────────────────────────
ID: 1
Number: C000001
Import Source: seed_script
Imported At: 2025-12-23 06:36:13
Imported By: system

Raw Data Fields:
  - session_id: 1
  - supplier: شركة الاختبار التجريبية
  - guarantee_number: C000001
  - bank: SNB
  - amount: 752569
  - issue_date: 2025-03-06
  - expiry_date: 2025-09-06
  - type: نهائي
  - contract_number: CNT-2024-0001


💡 DECISION DATA:
─────────────────
Decision ID: 1
Status: ready
Supplier ID: NULL
Bank ID: NULL
Decision Source: manual
Confidence Score: NULL
Decided At: 2025-12-23 06:59:06
---

⏱️ ACTIONS (TIMELINE):
──────────────────────
❌ No actions found

📜 HISTORY:
───────────
❌ No history found

📎 ATTACHMENTS:
───────────────
❌ No attachments found

📝 NOTES:
─────────
❌ No notes found

🧠 LEARNING DATA:
─────────────────
❌ No learning logs found

🔌 API TEST:
────────────
Testing: /V3/api/get-record.php?index=1
✅ API Response: SUCCESS
Record ID: 31
Timeline Events: 2
Attachments: 0
Notes: 1


╔════════════════════════════════════════════════════════════════╗
║ TEST #2 - Guarantee ID: 2                                    ║
╚════════════════════════════════════════════════════════════════╝

📋 BASIC GUARANTEE DATA:
─────────────────────────
ID: 2
Number: C000002
Import Source: seed_script
Imported At: 2025-12-23 06:36:13
Imported By: system

Raw Data Fields:
  - session_id: 1
  - supplier: ARAB COMPANY FOR INTERNET AND COMMUNICATIONS
  - guarantee_number: C000002
  - bank: الراجحي
  - amount: 899599
  - issue_date: 2025-05-10
  - expiry_date: 2025-11-10
  - type: ابتدائي
  - contract_number: CNT-2024-0002


💡 DECISION DATA:
─────────────────
❌ No decisions found

⏱️ ACTIONS (TIMELINE):
──────────────────────
❌ No actions found

📜 HISTORY:
───────────
❌ No history found

📎 ATTACHMENTS:
───────────────
❌ No attachments found

📝 NOTES:
─────────
❌ No notes found

🧠 LEARNING DATA:
─────────────────
❌ No learning logs found

🔌 API TEST:
────────────
Testing: /V3/api/get-record.php?index=2
✅ API Response: SUCCESS
Record ID: 27
Timeline Events: 1
Attachments: 0
Notes: 0


╔════════════════════════════════════════════════════════════════╗
║ TEST #3 - Guarantee ID: 3                                    ║
╚════════════════════════════════════════════════════════════════╝

📋 BASIC GUARANTEE DATA:
─────────────────────────
ID: 3
Number: C000003
Import Source: seed_script
Imported At: 2025-12-23 06:36:13
Imported By: system

Raw Data Fields:
  - session_id: 1
  - supplier: مؤسسة البناء الحديث
  - guarantee_number: C000003
  - bank: الأهلي
  - amount: 288562
  - issue_date: 2025-10-14
  - expiry_date: 2026-04-14
  - type: نهائي
  - contract_number: CNT-2024-0003


💡 DECISION DATA:
─────────────────
❌ No decisions found

⏱️ ACTIONS (TIMELINE):
──────────────────────
❌ No actions found

📜 HISTORY:
───────────
❌ No history found

📎 ATTACHMENTS:
───────────────
❌ No attachments found

📝 NOTES:
─────────
❌ No notes found

🧠 LEARNING DATA:
─────────────────
❌ No learning logs found

🔌 API TEST:
────────────
Testing: /V3/api/get-record.php?index=3
✅ API Response: SUCCESS
Record ID: 26
Timeline Events: 1
Attachments: 0
Notes: 0


╔════════════════════════════════════════════════════════════════╗
║ TEST #4 - Guarantee ID: 4                                    ║
╚════════════════════════════════════════════════════════════════╝

📋 BASIC GUARANTEE DATA:
─────────────────────────
ID: 4
Number: C000004
Import Source: seed_script
Imported At: 2025-12-23 06:36:13
Imported By: system

Raw Data Fields:
  - session_id: 1
  - supplier: شركة التقنية المتقدمة
  - guarantee_number: C000004
  - bank: سامبا
  - amount: 892139
  - issue_date: 2025-12-22
  - expiry_date: 2026-06-22
  - type: ابتدائي
  - contract_number: CNT-2024-0004


💡 DECISION DATA:
─────────────────
❌ No decisions found

⏱️ ACTIONS (TIMELINE):
──────────────────────
❌ No actions found

📜 HISTORY:
───────────
❌ No history found

📎 ATTACHMENTS:
───────────────
❌ No attachments found

📝 NOTES:
─────────
❌ No notes found

🧠 LEARNING DATA:
─────────────────
❌ No learning logs found

🔌 API TEST:
────────────
Testing: /V3/api/get-record.php?index=4
✅ API Response: SUCCESS
Record ID: 25
Timeline Events: 1
Attachments: 0
Notes: 0


╔════════════════════════════════════════════════════════════════╗
║ TEST #5 - Guarantee ID: 5                                    ║
╚════════════════════════════════════════════════════════════════╝

📋 BASIC GUARANTEE DATA:
─────────────────────────
ID: 5
Number: C000005
Import Source: seed_script
Imported At: 2025-12-23 06:36:13
Imported By: system

Raw Data Fields:
  - session_id: 1
  - supplier: مؤسسة الإنشاءات الكبرى
  - guarantee_number: C000005
  - bank: الرياض
  - amount: 125656
  - issue_date: 2025-06-14
  - expiry_date: 2025-12-14
  - type: نهائي
  - contract_number: CNT-2024-0005


💡 DECISION DATA:
─────────────────
❌ No decisions found

⏱️ ACTIONS (TIMELINE):
──────────────────────
❌ No actions found

📜 HISTORY:
───────────
❌ No history found

📎 ATTACHMENTS:
───────────────
❌ No attachments found

📝 NOTES:
─────────
❌ No notes found

🧠 LEARNING DATA:
─────────────────
❌ No learning logs found

🔌 API TEST:
────────────
Testing: /V3/api/get-record.php?index=5
✅ API Response: SUCCESS
Record ID: 24
Timeline Events: 1
Attachments: 0
Notes: 0


╔════════════════════════════════════════════════════════════════╗
║ TESTS COMPLETED                                                ║
╚════════════════════════════════════════════════════════════════╝
